[     817ms] [INFO] %cDownload the React DevTools for a better development experience: https://react.dev/link/react-devtools font-weight:bold @ http://localhost:3001/_next/static/chunks/node_modules_next_dist_1ybzpk2._.js:2489
[    1604ms] [LOG] [HMR] connected @ http://localhost:3001/_next/static/chunks/node_modules_next_dist_1ybzpk2._.js:2489
[    1771ms] [ERROR] Failed to load resource: the server responded with a status of 404 (Not Found) @ http://localhost:3001/favicon.ico:0
[    1999ms] [LOG] %cDocumentation: %chttps://mswjs.io/docs font-weight:bold font-weight:normal @ http://localhost:3001/_next/static/chunks/node_modules_next_dist_1ybzpk2._.js:2489
[    1999ms] [LOG] Found an issue? https://github.com/mswjs/msw/issues @ http://localhost:3001/_next/static/chunks/node_modules_next_dist_1ybzpk2._.js:2489
[    1999ms] [LOG] Worker script URL: http://localhost:3001/mockServiceWorker.js @ http://localhost:3001/_next/static/chunks/node_modules_next_dist_1ybzpk2._.js:2489
[    1999ms] [LOG] Worker scope: http://localhost:3001/ @ http://localhost:3001/_next/static/chunks/node_modules_next_dist_1ybzpk2._.js:2489
[    2000ms] [LOG] Client ID: %s (%s) 1b31ab81-c582-4c0b-b975-67dbfa028dbc top-level @ http://localhost:3001/_next/static/chunks/node_modules_next_dist_1ybzpk2._.js:2489
[    2208ms] [LOG] Request {url: URL, method: GET, headers: Object, body: } @ http://localhost:3001/_next/static/chunks/node_modules_next_dist_1ybzpk2._.js:2489
[    2209ms] [LOG] Handler: HttpHandler @ http://localhost:3001/_next/static/chunks/node_modules_next_dist_1ybzpk2._.js:2489
[    2209ms] [LOG] Response {status: 200, statusText: OK, headers: Object, body: {"items":[{"id":"ATT-DEMO-001","type":"incident","…stem-health","permission":"system-health.read"}]}} @ http://localhost:3001/_next/static/chunks/node_modules_next_dist_1ybzpk2._.js:2489
[    2210ms] [LOG] Request {url: URL, method: GET, headers: Object, body: } @ http://localhost:3001/_next/static/chunks/node_modules_next_dist_1ybzpk2._.js:2489
[    2210ms] [LOG] Handler: HttpHandler @ http://localhost:3001/_next/static/chunks/node_modules_next_dist_1ybzpk2._.js:2489
[    2210ms] [LOG] Response {status: 200, statusText: OK, headers: Object, body: {"metrics":[{"label":"إجمالي المستخدمين","value":"…ndroid":46,"metricKind":"devices"},"empty":false}} @ http://localhost:3001/_next/static/chunks/node_modules_next_dist_1ybzpk2._.js:2489
[    2211ms] [LOG] Request {url: URL, method: GET, headers: Object, body: } @ http://localhost:3001/_next/static/chunks/node_modules_next_dist_1ybzpk2._.js:2489
[    2212ms] [LOG] Handler: HttpHandler @ http://localhost:3001/_next/static/chunks/node_modules_next_dist_1ybzpk2._.js:2489
[    2212ms] [LOG] Response {status: 200, statusText: OK, headers: Object, body: {"options":[{"value":"all","labelKey":"الكل","isDe…ndroid","labelKey":"Android","isDefault":false}]}} @ http://localhost:3001/_next/static/chunks/node_modules_next_dist_1ybzpk2._.js:2489
[    2213ms] [LOG] Request {url: URL, method: GET, headers: Object, body: } @ http://localhost:3001/_next/static/chunks/node_modules_next_dist_1ybzpk2._.js:2489
[    2213ms] [LOG] Handler: HttpHandler @ http://localhost:3001/_next/static/chunks/node_modules_next_dist_1ybzpk2._.js:2489
[    2214ms] [LOG] Response {status: 200, statusText: OK, headers: Object, body: {"adminId":"ADM-DEMO-001","displayName":"Waleed","…099-07-27T18:00:00+03:00","developmentOnly":true}} @ http://localhost:3001/_next/static/chunks/node_modules_next_dist_1ybzpk2._.js:2489
[    2216ms] [LOG] Request {url: URL, method: GET, headers: Object, body: } @ http://localhost:3001/_next/static/chunks/node_modules_next_dist_1ybzpk2._.js:2489
[    2216ms] [LOG] Handler: HttpHandler @ http://localhost:3001/_next/static/chunks/node_modules_next_dist_1ybzpk2._.js:2489
[    2216ms] [LOG] Response {status: 200, statusText: OK, headers: Object, body: {"groups":[{"id":"platform","labelKey":"المنصة","i…","permission":null,"availability":"planned"}]}]}} @ http://localhost:3001/_next/static/chunks/node_modules_next_dist_1ybzpk2._.js:2489
[   27361ms] [LOG] [Fast Refresh] rebuilding @ http://localhost:3001/_next/static/chunks/node_modules_next_dist_1ybzpk2._.js:2489
[   27689ms] [LOG] [Fast Refresh] done in 203ms @ http://localhost:3001/_next/static/chunks/node_modules_next_dist_1ybzpk2._.js:2489
[   27855ms] [LOG] [Fast Refresh] rebuilding @ http://localhost:3001/_next/static/chunks/node_modules_next_dist_1ybzpk2._.js:2489
[   27859ms] [LOG] [Fast Refresh] done in 108ms @ http://localhost:3001/_next/static/chunks/node_modules_next_dist_1ybzpk2._.js:2489
